============================= test session starts =============================
platform win32 -- Python 3.12.14, pytest-9.1.1, pluggy-1.6.0 -- C:\Users\Anton\Documents\Codex\2026-10-01\new-chat-3\work\venv\Scripts\python.exe
cachedir: .pytest_cache
rootdir: C:\Users\Anton\Documents\Codex\2026-10-01\new-chat-3\outputs\scopa
configfile: pyproject.toml
testpaths: backend/tests
plugins: anyio-4.15.1
collecting ... collected 463 items

backend/tests/api/test_games_api.py::test_create_get_default_game PASSED [  0%]
backend/tests/api/test_games_api.py::test_create_get_explicit_state_roundtrip PASSED [  0%]
backend/tests/api/test_games_api.py::test_game_ids_unique_and_storage_isolated PASSED [  0%]
backend/tests/api/test_games_api.py::test_state_replacement_and_optimistic_revision PASSED [  0%]
backend/tests/api/test_games_api.py::test_analysis_known_expected_result_and_saved_get PASSED [  1%]
backend/tests/api/test_games_api.py::test_all_three_captures_are_returned PASSED [  1%]
backend/tests/api/test_games_api.py::test_analysis_repeated_math_reproducible PASSED [  1%]
backend/tests/api/test_games_api.py::test_simulation_repeated_seed_and_engine_result PASSED [  1%]
backend/tests/api/test_games_api.py::test_api_parallel_simulation_matches_serial PASSED [  1%]
backend/tests/api/test_games_api.py::test_new_state_invalidates_analysis_and_simulation PASSED [  2%]
backend/tests/api/test_games_api.py::test_unknown_game_returns_404[get--None] PASSED [  2%]
backend/tests/api/test_games_api.py::test_unknown_game_returns_404[get-/analysis-None] PASSED [  2%]
backend/tests/api/test_games_api.py::test_unknown_game_returns_404[post-/state-body2] PASSED [  2%]
backend/tests/api/test_games_api.py::test_unknown_game_returns_404[post-/analyze-body3] PASSED [  3%]
backend/tests/api/test_games_api.py::test_unknown_game_returns_404[post-/simulate-body4] PASSED [  3%]
backend/tests/api/test_games_api.py::test_missing_analysis_and_malformed_uuid PASSED [  3%]
backend/tests/api/test_games_api.py::test_invalid_state_returns_422[state0] PASSED [  3%]
backend/tests/api/test_games_api.py::test_invalid_state_returns_422[state1] PASSED [  3%]
backend/tests/api/test_games_api.py::test_invalid_state_returns_422[state2] PASSED [  4%]
backend/tests/api/test_games_api.py::test_invalid_state_returns_422[state3] PASSED [  4%]
backend/tests/api/test_games_api.py::test_invalid_state_returns_422[state4] PASSED [  4%]
backend/tests/api/test_games_api.py::test_invalid_state_returns_422[state5] PASSED [  4%]
backend/tests/api/test_games_api.py::test_invalid_state_returns_422[state6] PASSED [  4%]
backend/tests/api/test_games_api.py::test_invalid_state_returns_422[state7] PASSED [  5%]
backend/tests/api/test_games_api.py::test_invalid_state_returns_422[state8] PASSED [  5%]
backend/tests/api/test_games_api.py::test_invalid_state_returns_422[state9] PASSED [  5%]
backend/tests/api/test_games_api.py::test_failed_update_leaves_previous_state_and_analysis PASSED [  5%]
backend/tests/api/test_games_api.py::test_request_validation_limits[/analyze-body0] PASSED [  6%]
backend/tests/api/test_games_api.py::test_request_validation_limits[/analyze-body1] PASSED [  6%]
backend/tests/api/test_games_api.py::test_request_validation_limits[/simulate-body2] PASSED [  6%]
backend/tests/api/test_games_api.py::test_request_validation_limits[/simulate-body3] PASSED [  6%]
backend/tests/api/test_games_api.py::test_request_validation_limits[/simulate-body4] PASSED [  6%]
backend/tests/api/test_games_api.py::test_request_validation_limits[/simulate-body5] PASSED [  7%]
backend/tests/api/test_games_api.py::test_request_validation_limits[/simulate-body6] PASSED [  7%]
backend/tests/api/test_games_api.py::test_request_validation_limits[/simulate-body7] PASSED [  7%]
backend/tests/api/test_games_api.py::test_request_validation_limits[/simulate-body8] PASSED [  7%]
backend/tests/api/test_games_api.py::test_request_validation_limits[/simulate-body9] PASSED [  7%]
backend/tests/api/test_games_api.py::test_request_validation_limits[/simulate-body10] PASSED [  8%]
backend/tests/api/test_games_api.py::test_invalid_forced_simulation_move_rejected_by_engine[move0] PASSED [  8%]
backend/tests/api/test_games_api.py::test_invalid_forced_simulation_move_rejected_by_engine[move1] PASSED [  8%]
backend/tests/api/test_games_api.py::test_invalid_forced_simulation_move_rejected_by_engine[move2] PASSED [  8%]
backend/tests/api/test_games_api.py::test_engine_resource_limits_are_explicit_and_do_not_save_partial_analysis PASSED [  9%]
backend/tests/api/test_games_api.py::test_opponent_turn_analysis_engine_error PASSED [  9%]
backend/tests/api/test_games_api.py::test_terminal_scoring_through_both_api_calculations PASSED [  9%]
backend/tests/api/test_games_api.py::test_empty_game_analysis_has_no_invented_move PASSED [  9%]
backend/tests/api/test_games_api.py::test_engine_calls_are_delegated PASSED [  9%]
backend/tests/api/test_games_api.py::test_state_changed_during_calculation_returns_conflict[analyze] PASSED [ 10%]
backend/tests/api/test_games_api.py::test_state_changed_during_calculation_returns_conflict[simulate] PASSED [ 10%]
backend/tests/api/test_games_api.py::test_repository_revision_compare_and_set_is_atomic PASSED [ 10%]
backend/tests/api/test_games_api.py::test_openapi_exposes_requested_endpoints_and_typed_results PASSED [ 10%]
backend/tests/api/test_games_api.py::test_router_has_no_engine_imports PASSED [ 11%]
backend/tests/decision_engine/test_analysis.py::test_all_three_eight_combinations_are_analyzed PASSED [ 11%]
backend/tests/decision_engine/test_analysis.py::test_shorter_capture_with_sette_bello_beats_more_cards PASSED [ 11%]
backend/tests/decision_engine/test_analysis.py::test_recommendation_is_global_expected_value_maximum PASSED [ 11%]
backend/tests/decision_engine/test_analysis.py::test_every_move_has_evaluation_and_separate_expected_utilities PASSED [ 11%]
backend/tests/decision_engine/test_analysis.py::test_summary_fields_match_recommended_move PASSED [ 12%]
backend/tests/decision_engine/test_analysis.py::test_deeper_search_avoids_opponent_scopa PASSED [ 12%]
backend/tests/decision_engine/test_analysis.py::test_hand_checked_weighted_opponent_evaluation PASSED [ 12%]
backend/tests/decision_engine/test_analysis.py::test_opponent_value_is_not_negated_net_value PASSED [ 12%]
backend/tests/decision_engine/test_analysis.py::test_tie_breaker_is_stable_card_identity PASSED [ 12%]
backend/tests/decision_engine/test_analysis.py::test_tie_between_same_card_captures_uses_stable_capture_ids PASSED [ 13%]
backend/tests/decision_engine/test_analysis.py::test_configurable_weights_change_recommendation PASSED [ 13%]
backend/tests/decision_engine/test_analysis.py::test_same_input_same_math_and_state_unchanged PASSED [ 13%]
backend/tests/decision_engine/test_analysis.py::test_result_is_immutable PASSED [ 13%]
backend/tests/decision_engine/test_analysis.py::test_no_moves_completed_round_has_no_invented_recommendation PASSED [ 14%]
backend/tests/decision_engine/test_analysis.py::test_no_moves_pending_deal_is_explicit PASSED [ 14%]
backend/tests/decision_engine/test_analysis.py::test_opponent_turn_requires_explicitly_different_analysis PASSED [ 14%]
backend/tests/decision_engine/test_analysis.py::test_wrong_input_type_rejected PASSED [ 14%]
backend/tests/decision_engine/test_analysis.py::test_depth_zero_cannot_skip_legal_moves PASSED [ 14%]
backend/tests/decision_engine/test_analysis.py::test_resource_limit_propagates_without_partial_move_selection PASSED [ 15%]
backend/tests/decision_engine/test_analysis.py::test_all_outcomes_normalize_and_component_sum_matches PASSED [ 15%]
backend/tests/decision_engine/test_analysis.py::test_probability_method_metadata_and_seed_are_preserved PASSED [ 15%]
backend/tests/decision_engine/test_analysis.py::test_custom_deck_scoring_supported PASSED [ 15%]
backend/tests/decision_engine/test_analysis.py::test_rules_scoring_scopa_mismatch_rejected PASSED [ 15%]
backend/tests/decision_engine/test_analysis.py::test_cumulative_score_offsets_do_not_change_move_ranking PASSED [ 16%]
backend/tests/decision_engine/test_analysis.py::test_old_scopa_does_not_count_as_new_probability PASSED [ 16%]
backend/tests/decision_engine/test_export.py::test_export_includes_all_moves_and_each_metric PASSED [ 16%]
backend/tests/decision_engine/test_export.py::test_export_same_input_same_bytes PASSED [ 16%]
backend/tests/decision_engine/test_export.py::test_optional_timing_metadata PASSED [ 17%]
backend/tests/decision_engine/test_metrics.py::test_immediate_scopa_probability[table0-1] PASSED [ 17%]
backend/tests/decision_engine/test_metrics.py::test_immediate_scopa_probability[table1-0] PASSED [ 17%]
backend/tests/decision_engine/test_metrics.py::test_immediate_scopa_probability[table2-1] PASSED [ 17%]
backend/tests/decision_engine/test_metrics.py::test_primiera_strength_and_eligibility_are_distinct PASSED [ 17%]
backend/tests/decision_engine/test_metrics.py::test_final_score_expected_value_is_exact_and_last_scopa_excluded PASSED [ 18%]
backend/tests/decision_engine/test_metrics.py::test_future_scopa_probability_is_calculated_from_paths PASSED [ 18%]
backend/tests/decision_engine/test_metrics.py::test_sette_bello_already_owned_remains_value_one PASSED [ 18%]
backend/tests/decision_engine/test_metrics.py::test_sette_bello_owned_by_opponent_does_not_become_player_value PASSED [ 18%]
backend/tests/decision_engine/test_metrics.py::test_separate_side_utilities_reproduce_existing_evaluator PASSED [ 19%]
backend/tests/game_tree/test_beliefs.py::test_hidden_opponent_single_card_actions_are_all_enumerated PASSED [ 19%]
backend/tests/game_tree/test_beliefs.py::test_action_likelihood_updates_hidden_hand_not_just_card_ownership PASSED [ 19%]
backend/tests/game_tree/test_beliefs.py::test_posterior_is_carried_to_later_moves_not_replaced_by_uniform_prior PASSED [ 19%]
backend/tests/game_tree/test_beliefs.py::test_bad_opponent_policy_is_rejected PASSED [ 19%]
backend/tests/game_tree/test_beliefs.py::test_injected_policy_can_assign_deterministic_weights PASSED [ 20%]
backend/tests/game_tree/test_evaluation.py::test_heuristic_components_have_explicit_fraction_weights PASSED [ 20%]
backend/tests/game_tree/test_evaluation.py::test_configurable_evaluation_can_isolate_scopa PASSED [ 20%]
backend/tests/game_tree/test_evaluation.py::test_terminal_evaluation_equals_real_cumulative_score_difference PASSED [ 20%]
backend/tests/game_tree/test_evaluation.py::test_invalid_evaluation_weight PASSED [ 20%]
backend/tests/game_tree/test_evaluation.py::test_rules_scoring_scopa_weights_must_agree PASSED [ 21%]
backend/tests/game_tree/test_export.py::test_export_preserves_all_states_probabilities_depths_and_evaluations PASSED [ 21%]
backend/tests/game_tree/test_export.py::test_export_is_identical_on_repeated_input PASSED [ 21%]
backend/tests/game_tree/test_search.py::test_zero_depth_has_only_cutoff PASSED [ 21%]
backend/tests/game_tree/test_search.py::test_one_depth_keeps_all_player_moves PASSED [ 22%]
backend/tests/game_tree/test_search.py::test_two_depth_reaches_terminal_and_exact_final_score PASSED [ 22%]
backend/tests/game_tree/test_search.py::test_current_player_opponent_can_be_root PASSED [ 22%]
backend/tests/game_tree/test_search.py::test_player_move_then_opponent_move_then_unknown_card PASSED [ 22%]
backend/tests/game_tree/test_search.py::test_chance_weighted_value_is_hand_verifiable PASSED [ 22%]
backend/tests/game_tree/test_search.py::test_three_card_deal_has_sequential_without_replacement_chance PASSED [ 23%]
backend/tests/game_tree/test_search.py::test_hidden_opponent_deal_preserves_multiple_assignments PASSED [ 23%]
backend/tests/game_tree/test_search.py::test_partial_final_round_is_marked_not_given_final_score PASSED [ 23%]
backend/tests/game_tree/test_search.py::test_max_nodes_exceeded_raises_not_silent_truncation PASSED [ 23%]
backend/tests/game_tree/test_search.py::test_max_belief_worlds_exceeded_raises PASSED [ 23%]
backend/tests/game_tree/test_search.py::test_hidden_deal_expansion_limit_is_enforced PASSED [ 24%]
backend/tests/game_tree/test_search.py::test_repeated_search_same_result_and_original_unchanged PASSED [ 24%]
backend/tests/game_tree/test_search.py::test_supplied_belief_must_match_observation PASSED [ 24%]
backend/tests/game_tree/test_search.py::test_custom_first_player_after_deal PASSED [ 24%]
backend/tests/game_tree/test_search.py::test_invalid_search_config[kwargs0] PASSED [ 25%]
backend/tests/game_tree/test_search.py::test_invalid_search_config[kwargs1] PASSED [ 25%]
backend/tests/game_tree/test_search.py::test_invalid_search_config[kwargs2] PASSED [ 25%]
backend/tests/game_tree/test_search.py::test_invalid_search_config[kwargs3] PASSED [ 25%]
backend/tests/game_tree/test_search.py::test_invalid_search_config[kwargs4] PASSED [ 25%]
backend/tests/game_tree/test_search.py::test_invalid_search_config[kwargs5] PASSED [ 26%]
backend/tests/game_tree/test_search.py::test_odd_draw_pile_cannot_deal_equal_hands PASSED [ 26%]
backend/tests/game_tree/test_search.py::test_monte_carlo_belief_marks_result_approximate PASSED [ 26%]
backend/tests/probabilities/test_analytic.py::test_manual_hypergeometric_two_sevens_in_four_cards PASSED [ 26%]
backend/tests/probabilities/test_analytic.py::test_hypergeometric_boundary_normalization[args0] PASSED [ 26%]
backend/tests/probabilities/test_analytic.py::test_hypergeometric_boundary_normalization[args1] PASSED [ 27%]
backend/tests/probabilities/test_analytic.py::test_hypergeometric_boundary_normalization[args2] PASSED [ 27%]
backend/tests/probabilities/test_analytic.py::test_hypergeometric_boundary_normalization[args3] PASSED [ 27%]
backend/tests/probabilities/test_analytic.py::test_hypergeometric_boundary_normalization[args4] PASSED [ 27%]
backend/tests/probabilities/test_analytic.py::test_hypergeometric_invalid_inputs[args0] PASSED [ 28%]
backend/tests/probabilities/test_analytic.py::test_hypergeometric_invalid_inputs[args1] PASSED [ 28%]
backend/tests/probabilities/test_analytic.py::test_hypergeometric_invalid_inputs[args2] PASSED [ 28%]
backend/tests/probabilities/test_analytic.py::test_hypergeometric_invalid_inputs[args3] PASSED [ 28%]
backend/tests/probabilities/test_analytic.py::test_all_small_hypergeometric_spaces_normalize PASSED [ 28%]
backend/tests/probabilities/test_analytic.py::test_specific_card_probability_and_draw PASSED [ 29%]
backend/tests/probabilities/test_analytic.py::test_cards_in_hand_are_dependent_not_independent PASSED [ 29%]
backend/tests/probabilities/test_analytic.py::test_unknown_sevens_count_and_at_least_one PASSED [ 29%]
backend/tests/probabilities/test_analytic.py::test_next_draw_is_not_probability_of_pile_membership PASSED [ 29%]
backend/tests/probabilities/test_analytic.py::test_known_opponent_card_offsets_matching_count PASSED [ 30%]
backend/tests/probabilities/test_analytic.py::test_known_nonmatch_preserves_full_hand_support PASSED [ 30%]
backend/tests/probabilities/test_analytic.py::test_known_elsewhere_has_zero_hand_probability PASSED [ 30%]
backend/tests/probabilities/test_analytic.py::test_empty_unknown_pool_no_division_by_zero PASSED [ 30%]
backend/tests/probabilities/test_analytic.py::test_empty_draw_has_no_next_card PASSED [ 30%]
backend/tests/probabilities/test_analytic.py::test_early_scopa_position_hand_calculation PASSED [ 31%]
backend/tests/probabilities/test_analytic.py::test_foreign_card_rejected PASSED [ 31%]
backend/tests/probabilities/test_analytic.py::test_duplicate_query_card_rejected PASSED [ 31%]
backend/tests/probabilities/test_analytic.py::test_unassigned_region_marginal PASSED [ 31%]
backend/tests/probabilities/test_exact.py::test_exact_six_worlds_equal_weight PASSED [ 31%]
backend/tests/probabilities/test_exact.py::test_enumeration_matches_analytic_counts PASSED [ 32%]
backend/tests/probabilities/test_exact.py::test_enumeration_matches_every_card_marginal PASSED [ 32%]
backend/tests/probabilities/test_exact.py::test_joint_opponent_and_draw_probability PASSED [ 32%]
backend/tests/probabilities/test_exact.py::test_conditioning_bayes_changes_other_card_marginal PASSED [ 32%]
backend/tests/probabilities/test_exact.py::test_impossible_evidence_rejected PASSED [ 33%]
backend/tests/probabilities/test_exact.py::test_exact_limit_prevents_unbounded_enumeration PASSED [ 33%]
backend/tests/probabilities/test_exact.py::test_exact_boundary_is_inclusive PASSED [ 33%]
backend/tests/probabilities/test_exact.py::test_partial_pool_world_count_and_assignments PASSED [ 33%]
backend/tests/probabilities/test_exact.py::test_zero_unknowns_has_single_world PASSED [ 33%]
backend/tests/probabilities/test_exact.py::test_known_opponent_identity_in_every_world PASSED [ 34%]
backend/tests/probabilities/test_exact.py::test_exact_estimate_has_no_sampling_error PASSED [ 34%]
backend/tests/probabilities/test_exact.py::test_bad_distribution_mass_rejected PASSED [ 34%]
backend/tests/probabilities/test_exact.py::test_duplicate_distribution_worlds_rejected PASSED [ 34%]
backend/tests/probabilities/test_exact.py::test_same_input_same_exact_distribution PASSED [ 34%]
backend/tests/probabilities/test_monte_carlo.py::test_same_seed_same_empirical_distribution PASSED [ 35%]
backend/tests/probabilities/test_monte_carlo.py::test_sampling_does_not_change_global_rng PASSED [ 35%]
backend/tests/probabilities/test_monte_carlo.py::test_empirical_sevens_estimate_matches_exact_with_fixed_seed PASSED [ 35%]
backend/tests/probabilities/test_monte_carlo.py::test_auto_selects_mc_above_world_limit PASSED [ 35%]
backend/tests/probabilities/test_monte_carlo.py::test_sampler_handles_known_opponent_and_unassigned PASSED [ 36%]
backend/tests/probabilities/test_monte_carlo.py::test_canonical_pool_makes_mc_input_order_invariant PASSED [ 36%]
backend/tests/probabilities/test_monte_carlo.py::test_conditioned_mc_does_not_claim_exactness_or_effective_standard_error PASSED [ 36%]
backend/tests/probabilities/test_monte_carlo.py::test_unknown_method_rejected PASSED [ 36%]
backend/tests/probabilities/test_monte_carlo.py::test_large_space_uses_sampling_without_materializing_exact_worlds PASSED [ 36%]
backend/tests/probabilities/test_state.py::test_known_unknown_union_deduplicates_played_and_captured PASSED [ 37%]
backend/tests/probabilities/test_state.py::test_world_count_combination_formula PASSED [ 37%]
backend/tests/probabilities/test_state.py::test_partial_observation_has_explicit_unassigned PASSED [ 37%]
backend/tests/probabilities/test_state.py::test_input_order_does_not_change_belief PASSED [ 37%]
backend/tests/probabilities/test_state.py::test_belief_is_immutable PASSED [ 38%]
backend/tests/probabilities/test_state.py::test_bad_partition_rejected PASSED [ 38%]
backend/tests/probabilities/test_state.py::test_too_many_hidden_cards_rejected PASSED [ 38%]
backend/tests/probabilities/test_state.py::test_known_opponent_must_be_known PASSED [ 38%]
backend/tests/probabilities/test_state.py::test_world_regions_must_be_disjoint PASSED [ 38%]
backend/tests/probabilities/test_state.py::test_invalid_config[changes0] PASSED [ 39%]
backend/tests/probabilities/test_state.py::test_invalid_config[changes1] PASSED [ 39%]
backend/tests/probabilities/test_state.py::test_invalid_config[changes2] PASSED [ 39%]
backend/tests/probabilities/test_state.py::test_invalid_config[changes3] PASSED [ 39%]
backend/tests/scoring/test_captured_cards.py::test_card_majority_and_ties[21-19-player-points0] PASSED [ 39%]
backend/tests/scoring/test_captured_cards.py::test_card_majority_and_ties[19-21-opponent-points1] PASSED [ 40%]
backend/tests/scoring/test_captured_cards.py::test_card_majority_and_ties[20-20-None-points2] PASSED [ 40%]
backend/tests/scoring/test_captured_cards.py::test_card_majority_and_ties[0-0-None-points3] PASSED [ 40%]
backend/tests/scoring/test_captured_cards.py::test_card_category_awards_one_point_not_card_count PASSED [ 40%]
backend/tests/scoring/test_captured_cards.py::test_card_category_weight PASSED [ 41%]
backend/tests/scoring/test_denari.py::test_denari_majority_and_tie[6-player-points0] PASSED [ 41%]
backend/tests/scoring/test_denari.py::test_denari_majority_and_tie[4-opponent-points1] PASSED [ 41%]
backend/tests/scoring/test_denari.py::test_denari_majority_and_tie[5-None-points2] PASSED [ 41%]
backend/tests/scoring/test_denari.py::test_other_suits_do_not_count_as_denari PASSED [ 41%]
backend/tests/scoring/test_denari.py::test_no_denari_is_tie PASSED       [ 42%]
backend/tests/scoring/test_denari.py::test_denari_suit_and_weight_are_configured PASSED [ 42%]
backend/tests/scoring/test_final_score.py::test_final_known_complete_round_and_cumulative_score PASSED [ 42%]
backend/tests/scoring/test_final_score.py::test_final_card_and_denari_ties PASSED [ 42%]
backend/tests/scoring/test_final_score.py::test_final_missing_suits_no_primiera_for_either_side PASSED [ 42%]
backend/tests/scoring/test_final_score.py::test_scoring_is_pure_and_repeatable PASSED [ 43%]
backend/tests/scoring/test_final_score.py::test_final_rejects_partial_round PASSED [ 43%]
backend/tests/scoring/test_final_score.py::test_final_rejects_unsettled_zones[player_hand] PASSED [ 43%]
backend/tests/scoring/test_final_score.py::test_final_rejects_unsettled_zones[opponent_known_cards] PASSED [ 43%]
backend/tests/scoring/test_final_score.py::test_final_rejects_unsettled_zones[table_cards] PASSED [ 44%]
backend/tests/scoring/test_final_score.py::test_final_rejects_hidden_remaining_cards[counts0] PASSED [ 44%]
backend/tests/scoring/test_final_score.py::test_final_rejects_hidden_remaining_cards[counts1] PASSED [ 44%]
backend/tests/scoring/test_final_score.py::test_partial_evaluation_is_available_without_final_claim PASSED [ 44%]
backend/tests/scoring/test_final_score.py::test_custom_deck_and_scoring_config PASSED [ 44%]
backend/tests/scoring/test_final_score.py::test_configuration_deck_mismatch_rejected PASSED [ 45%]
backend/tests/scoring/test_final_score.py::test_foreign_capture_is_not_silently_scored PASSED [ 45%]
backend/tests/scoring/test_final_score.py::test_rules_final_transition_integrates_with_scoring PASSED [ 45%]
backend/tests/scoring/test_final_score.py::test_invalid_scoring_configuration[kwargs0] PASSED [ 45%]
backend/tests/scoring/test_final_score.py::test_invalid_scoring_configuration[kwargs1] PASSED [ 46%]
backend/tests/scoring/test_final_score.py::test_invalid_scoring_configuration[kwargs2] PASSED [ 46%]
backend/tests/scoring/test_final_score.py::test_invalid_scoring_configuration[kwargs3] PASSED [ 46%]
backend/tests/scoring/test_final_score.py::test_invalid_scoring_configuration[kwargs4] PASSED [ 46%]
backend/tests/scoring/test_final_score.py::test_invalid_scoring_configuration[kwargs5] PASSED [ 46%]
backend/tests/scoring/test_final_score.py::test_invalid_scoring_configuration[kwargs6] PASSED [ 47%]
backend/tests/scoring/test_fixed_positions.py::test_fixed_position_matches_all_expected_categories[P1] PASSED [ 47%]
backend/tests/scoring/test_fixed_positions.py::test_fixed_position_matches_all_expected_categories[P2] PASSED [ 47%]
backend/tests/scoring/test_fixed_positions.py::test_fixed_position_matches_all_expected_categories[P3] PASSED [ 47%]
backend/tests/scoring/test_fixed_positions.py::test_fixed_position_matches_all_expected_categories[P4] PASSED [ 47%]
backend/tests/scoring/test_fixed_positions.py::test_fixed_position_matches_all_expected_categories[P5] PASSED [ 48%]
backend/tests/scoring/test_fixed_positions.py::test_fixed_position_matches_all_expected_categories[P6] PASSED [ 48%]
backend/tests/scoring/test_fixed_positions.py::test_fixed_position_matches_all_expected_categories[P7] PASSED [ 48%]
backend/tests/scoring/test_primiera.py::test_primiera_rank_values[1-16] PASSED [ 48%]
backend/tests/scoring/test_primiera.py::test_primiera_rank_values[2-12] PASSED [ 49%]
backend/tests/scoring/test_primiera.py::test_primiera_rank_values[3-13] PASSED [ 49%]
backend/tests/scoring/test_primiera.py::test_primiera_rank_values[4-14] PASSED [ 49%]
backend/tests/scoring/test_primiera.py::test_primiera_rank_values[5-15] PASSED [ 49%]
backend/tests/scoring/test_primiera.py::test_primiera_rank_values[6-18] PASSED [ 49%]
backend/tests/scoring/test_primiera.py::test_primiera_rank_values[7-21] PASSED [ 50%]
backend/tests/scoring/test_primiera.py::test_primiera_rank_values[8-10] PASSED [ 50%]
backend/tests/scoring/test_primiera.py::test_primiera_rank_values[9-10] PASSED [ 50%]
backend/tests/scoring/test_primiera.py::test_primiera_rank_values[10-10] PASSED [ 50%]
backend/tests/scoring/test_primiera.py::test_primiera_uses_best_of_each_suit_not_sum_of_pile PASSED [ 50%]
backend/tests/scoring/test_primiera.py::test_known_primiera_76_position PASSED [ 51%]
backend/tests/scoring/test_primiera.py::test_missing_suit_disqualifies_even_with_higher_partial_value PASSED [ 51%]
backend/tests/scoring/test_primiera.py::test_both_missing_suits_get_no_point PASSED [ 51%]
backend/tests/scoring/test_primiera.py::test_primiera_tie_gets_no_point PASSED [ 51%]
backend/tests/scoring/test_primiera.py::test_primiera_player_win_and_weight PASSED [ 52%]
backend/tests/scoring/test_primiera.py::test_primiera_empty_pile PASSED  [ 52%]
backend/tests/scoring/test_primiera.py::test_equal_values_choose_deterministically PASSED [ 52%]
backend/tests/scoring/test_primiera.py::test_primiera_rejects_duplicate_cards PASSED [ 52%]
backend/tests/scoring/test_scopa.py::test_each_scopa_scores_independently[counts0] PASSED [ 52%]
backend/tests/scoring/test_scopa.py::test_each_scopa_scores_independently[counts1] PASSED [ 53%]
backend/tests/scoring/test_scopa.py::test_each_scopa_scores_independently[counts2] PASSED [ 53%]
backend/tests/scoring/test_scopa.py::test_each_scopa_scores_independently[counts3] PASSED [ 53%]
backend/tests/scoring/test_scopa.py::test_scopa_weight PASSED            [ 53%]
backend/tests/scoring/test_scopa.py::test_zero_scopa_weight_disables_points PASSED [ 53%]
backend/tests/scoring/test_scopa.py::test_scopa_does_not_accept_unvalidated_counts PASSED [ 54%]
backend/tests/scoring/test_sette_bello.py::test_sette_bello_ownership[player-points0] PASSED [ 54%]
backend/tests/scoring/test_sette_bello.py::test_sette_bello_ownership[opponent-points1] PASSED [ 54%]
backend/tests/scoring/test_sette_bello.py::test_other_sevens_and_denari_are_not_sette_bello PASSED [ 54%]
backend/tests/scoring/test_sette_bello.py::test_uncaptured_sette_bello_awards_nothing PASSED [ 55%]
backend/tests/scoring/test_sette_bello.py::test_sette_bello_identity_and_weight_configured PASSED [ 55%]
backend/tests/simulation/test_convergence_positions.py::test_benchmark_position_has_exact_reference_and_valid_rollouts[risk-9] PASSED [ 55%]
backend/tests/simulation/test_convergence_positions.py::test_benchmark_position_has_exact_reference_and_valid_rollouts[avoid-9] PASSED [ 55%]
backend/tests/simulation/test_convergence_positions.py::test_benchmark_position_has_exact_reference_and_valid_rollouts[capture-5] PASSED [ 55%]
backend/tests/simulation/test_convergence_positions.py::test_benchmark_position_has_exact_reference_and_valid_rollouts[sette-capture] PASSED [ 56%]
backend/tests/simulation/test_convergence_positions.py::test_benchmark_position_has_exact_reference_and_valid_rollouts[single-priority] PASSED [ 56%]
backend/tests/simulation/test_convergence_positions.py::test_benchmark_position_has_exact_reference_and_valid_rollouts[three-captures] PASSED [ 56%]
backend/tests/simulation/test_convergence_positions.py::test_benchmark_position_has_exact_reference_and_valid_rollouts[two-card-opponent] PASSED [ 56%]
backend/tests/simulation/test_convergence_positions.py::test_benchmark_position_has_exact_reference_and_valid_rollouts[future-scopa] PASSED [ 57%]
backend/tests/simulation/test_convergence_positions.py::test_benchmark_position_has_exact_reference_and_valid_rollouts[future-sette] PASSED [ 57%]
backend/tests/simulation/test_convergence_positions.py::test_benchmark_position_has_exact_reference_and_valid_rollouts[new-deal] PASSED [ 57%]
backend/tests/simulation/test_convergence_positions.py::test_ten_distinct_benchmark_states_or_initial_moves PASSED [ 57%]
backend/tests/simulation/test_convergence_positions.py::test_batch_cache_matches_uncached_rollouts PASSED [ 57%]
backend/tests/simulation/test_simulation.py::test_invalid_config[iterations-0] PASSED [ 58%]
backend/tests/simulation/test_simulation.py::test_invalid_config[iterations-True] PASSED [ 58%]
backend/tests/simulation/test_simulation.py::test_invalid_config[workers-0] PASSED [ 58%]
backend/tests/simulation/test_simulation.py::test_invalid_config[chunk_size-0] PASSED [ 58%]
backend/tests/simulation/test_simulation.py::test_invalid_config[max_depth--1] PASSED [ 58%]
backend/tests/simulation/test_simulation.py::test_invalid_config[trace_limit--1] PASSED [ 59%]
backend/tests/simulation/test_simulation.py::test_invalid_config[seed-True] PASSED [ 59%]
backend/tests/simulation/test_simulation.py::test_invalid_config[confidence-0] PASSED [ 59%]
backend/tests/simulation/test_simulation.py::test_invalid_config[confidence-1] PASSED [ 59%]
backend/tests/simulation/test_simulation.py::test_invalid_config[confidence-nan] PASSED [ 60%]
backend/tests/simulation/test_simulation.py::test_invalid_config[player_policy-invalid] PASSED [ 60%]
backend/tests/simulation/test_simulation.py::test_invalid_config[max_exact_nodes-0] PASSED [ 60%]
backend/tests/simulation/test_simulation.py::test_invalid_config[max_exact_worlds-0] PASSED [ 60%]
backend/tests/simulation/test_simulation.py::test_mean_statistics_manual PASSED [ 60%]
backend/tests/simulation/test_simulation.py::test_one_sample_does_not_invent_variance PASSED [ 61%]
backend/tests/simulation/test_simulation.py::test_wilson_manual_and_endpoints[0] PASSED [ 61%]
backend/tests/simulation/test_simulation.py::test_wilson_manual_and_endpoints[5] PASSED [ 61%]
backend/tests/simulation/test_simulation.py::test_wilson_manual_and_endpoints[10] PASSED [ 61%]
backend/tests/simulation/test_simulation.py::test_higher_confidence_widens_interval PASSED [ 61%]
backend/tests/simulation/test_simulation.py::test_repeat_seed_and_global_rng_untouched PASSED [ 62%]
backend/tests/simulation/test_simulation.py::test_different_seed_changes_sample_paths PASSED [ 62%]
backend/tests/simulation/test_simulation.py::test_parallel_and_chunk_independence PASSED [ 62%]
backend/tests/simulation/test_simulation.py::test_exact_risk_hand_calculation PASSED [ 62%]
backend/tests/simulation/test_simulation.py::test_exact_future_scopa_hand_calculation PASSED [ 63%]
backend/tests/simulation/test_simulation.py::test_monte_carlo_converges_to_exact[False] PASSED [ 63%]
backend/tests/simulation/test_simulation.py::test_monte_carlo_converges_to_exact[True] PASSED [ 63%]
backend/tests/simulation/test_simulation.py::test_terminal_score_and_final_scopa_rule PASSED [ 63%]
backend/tests/simulation/test_simulation.py::test_depth_zero_and_invalid_forced_move PASSED [ 63%]
backend/tests/simulation/test_simulation.py::test_policy_exact_agrees_on_deterministic_first_turn[greedy] PASSED [ 64%]
backend/tests/simulation/test_simulation.py::test_policy_exact_agrees_on_deterministic_first_turn[first_legal] PASSED [ 64%]
backend/tests/simulation/test_simulation.py::test_known_opponent_card_is_not_resampled PASSED [ 64%]
backend/tests/simulation/test_simulation.py::test_dealing_at_cutoff_matches_exact_and_keeps_opponent_hidden PASSED [ 64%]
backend/tests/simulation/test_simulation.py::test_odd_deal_is_rejected PASSED [ 65%]
backend/tests/site_adapter/test_integration.py::test_snapshot_to_standard_game_state_preserves_all_fields PASSED [ 65%]
backend/tests/site_adapter/test_integration.py::test_known_and_unknown_information_stays_separate PASSED [ 65%]
backend/tests/site_adapter/test_integration.py::test_adapter_matches_direct_decision_engine PASSED [ 65%]
backend/tests/site_adapter/test_integration.py::test_both_legal_moves_have_exact_expected_metrics PASSED [ 65%]
backend/tests/site_adapter/test_integration.py::test_three_eight_combinations_are_preserved PASSED [ 66%]
backend/tests/site_adapter/test_integration.py::test_sette_bello_is_preferred_over_more_captured_cards PASSED [ 66%]
backend/tests/site_adapter/test_integration.py::test_analysis_is_repeatable_and_never_advances_or_mutates PASSED [ 66%]
backend/tests/site_adapter/test_integration.py::test_snapshot_copies_mutable_input PASSED [ 66%]
backend/tests/site_adapter/test_integration.py::test_snapshot_and_observation_are_immutable PASSED [ 66%]
backend/tests/site_adapter/test_integration.py::test_explicit_fixture_replay_and_exhaustion PASSED [ 67%]
backend/tests/site_adapter/test_integration.py::test_non_actionable_states_never_call_decision_engine[waiting_for_opponent] PASSED [ 67%]
backend/tests/site_adapter/test_integration.py::test_non_actionable_states_never_call_decision_engine[waiting_for_deal] PASSED [ 67%]
backend/tests/site_adapter/test_integration.py::test_non_actionable_states_never_call_decision_engine[game_finished] PASSED [ 67%]
backend/tests/site_adapter/test_integration.py::test_score_turn_history_and_played_cards_are_preserved PASSED [ 68%]
backend/tests/site_adapter/test_integration.py::test_missing_information_is_not_guessed[format_version] PASSED [ 68%]
backend/tests/site_adapter/test_integration.py::test_missing_information_is_not_guessed[mode] PASSED [ 68%]
backend/tests/site_adapter/test_integration.py::test_missing_information_is_not_guessed[variant] PASSED [ 68%]
backend/tests/site_adapter/test_integration.py::test_missing_information_is_not_guessed[game_status] PASSED [ 68%]
backend/tests/site_adapter/test_integration.py::test_missing_information_is_not_guessed[player_hand] PASSED [ 69%]
backend/tests/site_adapter/test_integration.py::test_missing_information_is_not_guessed[table_cards] PASSED [ 69%]
backend/tests/site_adapter/test_integration.py::test_missing_information_is_not_guessed[known_played_cards] PASSED [ 69%]
backend/tests/site_adapter/test_integration.py::test_missing_information_is_not_guessed[captured_cards] PASSED [ 69%]
backend/tests/site_adapter/test_integration.py::test_missing_information_is_not_guessed[score] PASSED [ 69%]
backend/tests/site_adapter/test_integration.py::test_missing_information_is_not_guessed[scopa_count] PASSED [ 70%]
backend/tests/site_adapter/test_integration.py::test_missing_information_is_not_guessed[current_player] PASSED [ 70%]
backend/tests/site_adapter/test_integration.py::test_missing_information_is_not_guessed[turn_number] PASSED [ 70%]
backend/tests/site_adapter/test_integration.py::test_missing_information_is_not_guessed[round_number] PASSED [ 70%]
backend/tests/site_adapter/test_integration.py::test_missing_information_is_not_guessed[opponent_hand_size] PASSED [ 71%]
backend/tests/site_adapter/test_integration.py::test_missing_information_is_not_guessed[draw_pile_size] PASSED [ 71%]
backend/tests/site_adapter/test_integration.py::test_invalid_snapshot_rejected_without_partial_analysis[mode-live] PASSED [ 71%]
backend/tests/site_adapter/test_integration.py::test_invalid_snapshot_rejected_without_partial_analysis[format_version-unknown] PASSED [ 71%]
backend/tests/site_adapter/test_integration.py::test_invalid_snapshot_rejected_without_partial_analysis[variant-unknown] PASSED [ 71%]
backend/tests/site_adapter/test_integration.py::test_invalid_snapshot_rejected_without_partial_analysis[game_status-paused] PASSED [ 72%]
backend/tests/site_adapter/test_integration.py::test_invalid_snapshot_rejected_without_partial_analysis[snapshot_id- ] PASSED [ 72%]
backend/tests/site_adapter/test_integration.py::test_invalid_snapshot_rejected_without_partial_analysis[current_player-unknown] PASSED [ 72%]
backend/tests/site_adapter/test_integration.py::test_invalid_snapshot_rejected_without_partial_analysis[turn_number-True] PASSED [ 72%]
backend/tests/site_adapter/test_integration.py::test_invalid_snapshot_rejected_without_partial_analysis[opponent_hand_size-1] PASSED [ 73%]
backend/tests/site_adapter/test_integration.py::test_invalid_snapshot_rejected_without_partial_analysis[round_number-0] PASSED [ 73%]
backend/tests/site_adapter/test_integration.py::test_invalid_snapshot_rejected_without_partial_analysis[draw_pile_size--1] PASSED [ 73%]
backend/tests/site_adapter/test_integration.py::test_invalid_snapshot_rejected_without_partial_analysis[player_hand-value10] PASSED [ 73%]
backend/tests/site_adapter/test_integration.py::test_invalid_snapshot_rejected_without_partial_analysis[player_hand-value11] PASSED [ 73%]
backend/tests/site_adapter/test_integration.py::test_invalid_snapshot_rejected_without_partial_analysis[table_cards-value12] PASSED [ 74%]
backend/tests/site_adapter/test_integration.py::test_invalid_snapshot_rejected_without_partial_analysis[known_played_cards-value13] PASSED [ 74%]
backend/tests/site_adapter/test_integration.py::test_invalid_snapshot_rejected_without_partial_analysis[opponent_known_cards-value14] PASSED [ 74%]
backend/tests/site_adapter/test_integration.py::test_invalid_snapshot_rejected_without_partial_analysis[draw_pile_size-3] PASSED [ 74%]
backend/tests/site_adapter/test_integration.py::test_invalid_snapshot_rejected_without_partial_analysis[game_status-finished] PASSED [ 74%]
backend/tests/site_adapter/test_integration.py::test_invalid_snapshot_rejected_without_partial_analysis[game_status-waiting_deal] PASSED [ 75%]
backend/tests/site_adapter/test_integration.py::test_invalid_snapshot_rejected_without_partial_analysis[score-value18] PASSED [ 75%]
backend/tests/site_adapter/test_integration.py::test_invalid_snapshot_rejected_without_partial_analysis[scopa_count-value19] PASSED [ 75%]
backend/tests/site_adapter/test_integration.py::test_unrecognized_payload_fields_rejected PASSED [ 75%]
backend/tests/site_adapter/test_integration.py::test_finished_snapshot_requires_complete_engine_scoring_information PASSED [ 76%]
backend/tests/site_adapter/test_integration.py::test_active_status_with_empty_hands_is_inconsistent PASSED [ 76%]
backend/tests/site_adapter/test_integration.py::test_empty_replay_is_rejected PASSED [ 76%]
backend/tests/site_adapter/test_integration.py::test_engine_resource_errors_propagate PASSED [ 76%]
backend/tests/site_adapter/test_integration.py::test_adapter_has_no_site_or_action_methods PASSED [ 76%]
backend/tests/site_adapter/test_integration.py::test_offline_analysis_never_uses_network PASSED [ 77%]
backend/tests/site_adapter/test_integration.py::test_engine_imports_without_adapters_backend_or_pydantic PASSED [ 77%]
backend/tests/site_adapter/test_integration.py::test_dependency_direction_stays_adapter_to_engine PASSED [ 77%]
backend/tests/test_eight_capture_position.py::test_eight_all_legal_captures_and_resulting_states PASSED [ 77%]
backend/tests/test_foundation.py::test_standard_deck_has_40_cards PASSED [ 77%]
backend/tests/test_foundation.py::test_custom_deck_values PASSED         [ 78%]
backend/tests/test_foundation.py::test_card_rejects_invalid_fields[kwargs0] PASSED [ 78%]
backend/tests/test_foundation.py::test_card_rejects_invalid_fields[kwargs1] PASSED [ 78%]
backend/tests/test_foundation.py::test_card_rejects_invalid_fields[kwargs2] PASSED [ 78%]
backend/tests/test_foundation.py::test_card_rejects_invalid_fields[kwargs3] PASSED [ 79%]
backend/tests/test_foundation.py::test_card_rejects_invalid_fields[kwargs4] PASSED [ 79%]
backend/tests/test_foundation.py::test_card_is_immutable PASSED          [ 79%]
backend/tests/test_foundation.py::test_invalid_configuration[config0] PASSED [ 79%]
backend/tests/test_foundation.py::test_invalid_configuration[config1] PASSED [ 79%]
backend/tests/test_foundation.py::test_invalid_configuration[config2] PASSED [ 80%]
backend/tests/test_foundation.py::test_invalid_configuration[config3] PASSED [ 80%]
backend/tests/test_foundation.py::test_invalid_configuration[config4] PASSED [ 80%]
backend/tests/test_foundation.py::test_config_copies_mutable_input PASSED [ 80%]
backend/tests/test_foundation.py::test_duplicate_ids_rejected PASSED     [ 80%]
backend/tests/test_foundation.py::test_duplicate_physical_card_rejected PASSED [ 81%]
backend/tests/test_foundation.py::test_seeded_shuffle_is_reproducible PASSED [ 81%]
backend/tests/test_foundation.py::test_shuffle_requires_seed PASSED      [ 81%]
backend/tests/test_foundation.py::test_deal_preserves_order_and_original PASSED [ 81%]
backend/tests/test_foundation.py::test_invalid_deal[-1] PASSED           [ 82%]
backend/tests/test_foundation.py::test_invalid_deal[41] PASSED           [ 82%]
backend/tests/test_foundation.py::test_invalid_deal[True] PASSED         [ 82%]
backend/tests/test_foundation.py::test_invalid_deal[1.5] PASSED          [ 82%]
backend/tests/test_foundation.py::test_deal_boundaries PASSED            [ 82%]
backend/tests/test_foundation.py::test_remove_known_and_unknown PASSED   [ 83%]
backend/tests/test_foundation.py::test_foreign_or_mismatched_card_rejected[known0] PASSED [ 83%]
backend/tests/test_foundation.py::test_foreign_or_mismatched_card_rejected[known1] PASSED [ 83%]
backend/tests/test_foundation.py::test_known_position_and_hidden_information PASSED [ 83%]
backend/tests/test_foundation.py::test_played_ledger_can_overlap_table_and_captured PASSED [ 84%]
backend/tests/test_foundation.py::test_state_copies_mutable_input PASSED [ 84%]
backend/tests/test_foundation.py::test_controlled_state_replacement PASSED [ 84%]
backend/tests/test_foundation.py::test_overlapping_zones_rejected PASSED [ 84%]
backend/tests/test_foundation.py::test_played_card_in_hand_rejected PASSED [ 84%]
backend/tests/test_foundation.py::test_opponent_known_count_validation PASSED [ 85%]
backend/tests/test_foundation.py::test_impossible_hidden_counts_rejected PASSED [ 85%]
backend/tests/test_foundation.py::test_invalid_state_fields[changes0] PASSED [ 85%]
backend/tests/test_foundation.py::test_invalid_state_fields[changes1] PASSED [ 85%]
backend/tests/test_foundation.py::test_invalid_state_fields[changes2] PASSED [ 85%]
backend/tests/test_foundation.py::test_invalid_state_fields[changes3] PASSED [ 86%]
backend/tests/test_foundation.py::test_captured_ownership_is_exclusive PASSED [ 86%]
backend/tests/test_foundation.py::test_scopa_counts_validate PASSED      [ 86%]
backend/tests/test_foundation.py::test_history_and_played_ledger PASSED  [ 86%]
backend/tests/test_foundation.py::test_history_order_rejected PASSED     [ 87%]
backend/tests/test_rules.py::test_all_sum_combinations_known_eight_position PASSED [ 87%]
backend/tests/test_rules.py::test_single_match_overrides_sums PASSED     [ 87%]
backend/tests/test_rules.py::test_multiple_equal_singles_are_separate_choices PASSED [ 87%]
backend/tests/test_rules.py::test_equal_values_keep_physical_identity PASSED [ 87%]
backend/tests/test_rules.py::test_no_card_reused_in_sum PASSED           [ 88%]
backend/tests/test_rules.py::test_combination_order_independent PASSED   [ 88%]
backend/tests/test_rules.py::test_can_capture_true PASSED                [ 88%]
backend/tests/test_rules.py::test_can_capture_false PASSED               [ 88%]
backend/tests/test_rules.py::test_empty_table_has_one_discard PASSED     [ 88%]
backend/tests/test_rules.py::test_each_combination_is_a_move PASSED      [ 89%]
backend/tests/test_rules.py::test_all_cards_in_hand_generate_moves PASSED [ 89%]
backend/tests/test_rules.py::test_mandatory_capture_has_no_discard PASSED [ 89%]
backend/tests/test_rules.py::test_capture_moves_played_card_to_owned_pile PASSED [ 89%]
backend/tests/test_rules.py::test_discard_adds_card_to_table PASSED      [ 90%]
backend/tests/test_rules.py::test_transition_updates_turn_and_history PASSED [ 90%]
backend/tests/test_rules.py::test_state_original_unchanged_and_card_conservation PASSED [ 90%]
backend/tests/test_rules.py::test_scopa_sum_awards_counter_and_move_point PASSED [ 90%]
backend/tests/test_rules.py::test_single_card_scopa PASSED               [ 90%]
backend/tests/test_rules.py::test_partial_capture_is_not_scopa PASSED    [ 91%]
backend/tests/test_rules.py::test_final_play_capture_is_not_scopa PASSED [ 91%]
backend/tests/test_rules.py::test_last_card_of_batch_with_draw_pile_can_scopa PASSED [ 91%]
backend/tests/test_rules.py::test_final_partial_capture_collects_leftovers_without_scopa PASSED [ 91%]
backend/tests/test_rules.py::test_final_discard_awards_table_to_previous_capturer PASSED [ 92%]
backend/tests/test_rules.py::test_final_discard_without_capture_owner_rejected PASSED [ 92%]
backend/tests/test_rules.py::test_illegal_card_not_in_hand PASSED        [ 92%]
backend/tests/test_rules.py::test_illegal_wrong_actor PASSED             [ 92%]
backend/tests/test_rules.py::test_illegal_discard_when_capture_exists PASSED [ 92%]
backend/tests/test_rules.py::test_illegal_sum_when_single_exists PASSED  [ 93%]
backend/tests/test_rules.py::test_illegal_wrong_sum PASSED               [ 93%]
backend/tests/test_rules.py::test_illegal_capture_card_not_on_table PASSED [ 93%]
backend/tests/test_rules.py::test_duplicate_capture_rejected PASSED      [ 93%]
backend/tests/test_rules.py::test_reversed_capture_order_is_legal PASSED [ 93%]
backend/tests/test_rules.py::test_forged_derived_metadata_ignored PASSED [ 94%]
backend/tests/test_rules.py::test_opponent_known_hand_transition PASSED  [ 94%]
backend/tests/test_rules.py::test_unknown_opponent_hand_cannot_be_enumerated PASSED [ 94%]
backend/tests/test_rules.py::test_observed_hidden_opponent_card_can_be_applied PASSED [ 94%]
backend/tests/test_rules.py::test_opponent_cannot_play_players_card PASSED [ 95%]
backend/tests/test_rules.py::test_finished_round_has_no_moves PASSED     [ 95%]
backend/tests/test_rules.py::test_empty_hand_awaits_external_deal PASSED [ 95%]
backend/tests/test_rules.py::test_generation_is_deterministic PASSED     [ 95%]
backend/tests/test_rules.py::test_nonstandard_priority_is_explicit_configuration PASSED [ 95%]
backend/tests/test_rules.py::test_scopa_points_configuration PASSED      [ 96%]
backend/tests/test_rules.py::test_illegal_clear_table_does_not_count_as_scopa PASSED [ 96%]
backend/tests/test_rules.py::test_final_capture_replaces_previous_capture_owner PASSED [ 96%]
backend/tests/test_rules.py::test_two_successive_turns_history_and_captures PASSED [ 96%]
backend/tests/test_scopa_detection.py::test_ordinary_capture_detection_and_resulting_table PASSED [ 96%]
backend/tests/test_scopa_detection.py::test_capture_all_table_detects_scopa[5-table0-sum] PASSED [ 97%]
backend/tests/test_scopa_detection.py::test_capture_all_table_detects_scopa[5-table1-single] PASSED [ 97%]
backend/tests/test_scopa_detection.py::test_non_capture_detection_and_resulting_table PASSED [ 97%]
backend/tests/test_scopa_detection.py::test_empty_table_discard_is_not_scopa PASSED [ 97%]
backend/tests/test_scopa_detection.py::test_impossible_wrong_sum_scopa_rejected PASSED [ 98%]
backend/tests/test_scopa_detection.py::test_impossible_wrong_actor_scopa_rejected PASSED [ 98%]
backend/tests/test_scopa_detection.py::test_impossible_unowned_card_scopa_rejected PASSED [ 98%]
backend/tests/test_scopa_detection.py::test_final_capture_empty_table_without_scopa PASSED [ 98%]
backend/tests/test_scopa_detection.py::test_final_discard_empty_table_without_capture_or_scopa PASSED [ 98%]
backend/tests/test_scopa_detection.py::test_multiple_capture_options_have_separate_detection_results PASSED [ 99%]
backend/tests/test_scopa_detection.py::test_two_single_captures_do_not_clear_table PASSED [ 99%]
backend/tests/test_scopa_detection.py::test_evaluation_recomputes_forged_detection_metadata PASSED [ 99%]
backend/tests/test_scopa_detection.py::test_unevaluated_table_is_distinct_from_empty_result PASSED [ 99%]
backend/tests/test_scopa_detection.py::test_evaluated_move_is_idempotent_and_matches_transition PASSED [100%]

============================= 463 passed in 5.64s =============================
